\BOOKMARK [0][-]{chapter.1}{\376\377\000I\000n\000t\000r\000o\000d\000u\000c\000t\000i\000o\000n}{}% 1
\BOOKMARK [0][-]{chapter.2}{\376\377\000B\000a\000c\000k\000g\000r\000o\000u\000n\000d\000\040\000a\000n\000d\000\040\000R\000e\000l\000a\000t\000e\000d\000\040\000W\000o\000r\000k}{}% 2
\BOOKMARK [1][-]{section.2.1}{\376\377\000C\000o\000l\000l\000a\000b\000o\000r\000a\000t\000i\000v\000e\000\040\000f\000i\000l\000t\000e\000r\000i\000n\000g}{chapter.2}% 3
\BOOKMARK [1][-]{section.2.2}{\376\377\000C\000o\000n\000t\000e\000n\000t\000-\000b\000a\000s\000e\000d\000\040\000f\000i\000l\000t\000e\000r\000i\000n\000g}{chapter.2}% 4
\BOOKMARK [1][-]{section.2.3}{\376\377\000B\000e\000y\000o\000n\000d\000-\000a\000c\000c\000u\000r\000a\000c\000y\000\040\000o\000b\000j\000e\000c\000t\000i\000v\000e\000s}{chapter.2}% 5
\BOOKMARK [1][-]{section.2.4}{\376\377\000R\000a\000n\000k\000i\000n\000g\000\040\000m\000e\000t\000r\000i\000c\000s}{chapter.2}% 6
\BOOKMARK [0][-]{chapter.3}{\376\377\000D\000a\000t\000a\000s\000e\000t\000s\000\040\000a\000n\000d\000\040\000P\000r\000e\000p\000r\000o\000c\000e\000s\000s\000i\000n\000g}{}% 7
\BOOKMARK [1][-]{section.3.1}{\376\377\000P\000u\000b\000l\000i\000c\000\040\000b\000e\000n\000c\000h\000m\000a\000r\000k\000s}{chapter.3}% 8
\BOOKMARK [1][-]{section.3.2}{\376\377\000k\000-\000c\000o\000r\000e\000\040\000f\000i\000l\000t\000e\000r\000i\000n\000g}{chapter.3}% 9
\BOOKMARK [1][-]{section.3.3}{\376\377\000T\000a\000k\000e\000a\000l\000o\000t\000\040\000e\000-\000c\000o\000m\000m\000e\000r\000c\000e\000\040\000r\000e\000v\000i\000e\000w\000s}{chapter.3}% 10
\BOOKMARK [0][-]{chapter.4}{\376\377\000A\000l\000g\000o\000r\000i\000t\000h\000m\000s}{}% 11
\BOOKMARK [1][-]{section.4.1}{\376\377\000N\000o\000t\000a\000t\000i\000o\000n}{chapter.4}% 12
\BOOKMARK [1][-]{section.4.2}{\376\377\000U\000s\000e\000r\000-\000b\000a\000s\000e\000d\000\040\000k\000-\000N\000N\000\040\000\050\000S\000u\000r\000p\000r\000i\000s\000e\000\051}{chapter.4}% 13
\BOOKMARK [1][-]{section.4.3}{\376\377\000S\000V\000D\000\040\000\050\000b\000i\000a\000s\000e\000d\000\040\000p\000r\000o\000b\000a\000b\000i\000l\000i\000s\000t\000i\000c\000\040\000m\000a\000t\000r\000i\000x\000\040\000f\000a\000c\000t\000o\000r\000i\000z\000a\000t\000i\000o\000n\000\051}{chapter.4}% 14
\BOOKMARK [1][-]{section.4.4}{\376\377\000A\000L\000S\000\040\000\050\000i\000m\000p\000l\000i\000c\000i\000t\000\040\000l\000i\000b\000r\000a\000r\000y\000\051}{chapter.4}% 15
\BOOKMARK [1][-]{section.4.5}{\376\377\000T\000F\040\023\000I\000D\000F\000\040\000p\000r\000o\000f\000i\000l\000e\000\040\000m\000o\000d\000e\000l}{chapter.4}% 16
\BOOKMARK [1][-]{section.4.6}{\376\377\000P\000e\000r\000-\000u\000s\000e\000r\000\040\000l\000o\000g\000i\000s\000t\000i\000c\000\040\000r\000e\000g\000r\000e\000s\000s\000i\000o\000n}{chapter.4}% 17
\BOOKMARK [1][-]{section.4.7}{\376\377\000R\000a\000n\000d\000o\000m\000\040\000f\000o\000r\000e\000s\000t\000\040\000o\000n\000\040\000I\000D\000s}{chapter.4}% 18
\BOOKMARK [0][-]{chapter.5}{\376\377\000E\000x\000p\000e\000r\000i\000m\000e\000n\000t\000a\000l\000\040\000D\000e\000s\000i\000g\000n}{}% 19
\BOOKMARK [1][-]{section.5.1}{\376\377\000E\000x\000p\000e\000r\000i\000m\000e\000n\000t\000\040\000A\000:\000\040\000M\000a\000c\000r\000o\000-\000b\000i\000a\000s\000\040\000q\000u\000a\000n\000t\000i\000f\000i\000c\000a\000t\000i\000o\000n}{chapter.5}% 20
\BOOKMARK [1][-]{section.5.2}{\376\377\000E\000x\000p\000e\000r\000i\000m\000e\000n\000t\000\040\000B\000:\000\040\000U\000s\000e\000r\000-\000c\000e\000n\000t\000r\000i\000c\000\040\000s\000t\000r\000a\000t\000i\000f\000i\000c\000a\000t\000i\000o\000n}{chapter.5}% 21
\BOOKMARK [1][-]{section.5.3}{\376\377\000E\000x\000p\000e\000r\000i\000m\000e\000n\000t\000\040\000C\000:\000\040\000F\000e\000e\000d\000b\000a\000c\000k\000\040\000s\000i\000m\000u\000l\000a\000t\000i\000o\000n}{chapter.5}% 22
\BOOKMARK [0][-]{chapter.6}{\376\377\000I\000m\000p\000l\000e\000m\000e\000n\000t\000a\000t\000i\000o\000n\000\040\000N\000o\000t\000e\000s}{}% 23
\BOOKMARK [1][-]{section.6.1}{\376\377\000S\000o\000f\000t\000w\000a\000r\000e\000\040\000s\000t\000a\000c\000k}{chapter.6}% 24
\BOOKMARK [1][-]{section.6.2}{\376\377\000R\000e\000p\000r\000o\000d\000u\000c\000i\000b\000i\000l\000i\000t\000y\000\040\000c\000o\000m\000m\000a\000n\000d\000s}{chapter.6}% 25
\BOOKMARK [1][-]{section.6.3}{\376\377\000K\000n\000o\000w\000n\000\040\000l\000i\000m\000i\000t\000a\000t\000i\000o\000n\000s}{chapter.6}% 26
\BOOKMARK [0][-]{chapter.7}{\376\377\000R\000e\000s\000u\000l\000t\000s}{}% 27
\BOOKMARK [1][-]{section.7.1}{\376\377\000M\000a\000c\000r\000o\000\040\000b\000i\000a\000s\000\040\000\050\000p\000u\000b\000l\000i\000c\000\040\000b\000e\000n\000c\000h\000m\000a\000r\000k\000s\000\051}{chapter.7}% 28
\BOOKMARK [1][-]{section.7.2}{\376\377\000M\000a\000c\000r\000o\000\040\000b\000i\000a\000s\000\040\000\050\000T\000a\000k\000e\000a\000l\000o\000t\000\051}{chapter.7}% 29
\BOOKMARK [1][-]{section.7.3}{\376\377\000U\000s\000e\000r\000-\000c\000e\000n\000t\000r\000i\000c\000\040\000m\000e\000t\000r\000i\000c\000s}{chapter.7}% 30
\BOOKMARK [1][-]{section.7.4}{\376\377\000F\000e\000e\000d\000b\000a\000c\000k\000\040\000s\000i\000m\000u\000l\000a\000t\000i\000o\000n}{chapter.7}% 31
\BOOKMARK [1][-]{section.7.5}{\376\377\000G\000e\000n\000e\000r\000a\000t\000e\000d\000\040\000f\000i\000g\000u\000r\000e\000s}{chapter.7}% 32
\BOOKMARK [0][-]{chapter.8}{\376\377\000D\000i\000s\000c\000u\000s\000s\000i\000o\000n}{}% 33
\BOOKMARK [0][-]{chapter.9}{\376\377\000C\000o\000n\000c\000l\000u\000s\000i\000o\000n}{}% 34
\BOOKMARK [0][-]{appendix.A}{\376\377\000C\000o\000m\000p\000l\000e\000t\000e\000\040\000M\000a\000c\000r\000o\000-\000B\000i\000a\000s\000\040\000T\000a\000b\000l\000e\000\040\000\050\000A\000l\000l\000\040\000P\000u\000b\000l\000i\000c\000\040\000B\000e\000n\000c\000h\000m\000a\000r\000k\000s\000\051}{}% 35
\BOOKMARK [0][-]{appendix.B}{\376\377\000A\000l\000g\000o\000r\000i\000t\000h\000m\000i\000c\000\040\000S\000k\000e\000t\000c\000h\000e\000s}{}% 36
