This is pdfTeX, Version 3.141592653-2.6-1.40.27 (TeX Live 2025/Homebrew) (preloaded format=pdflatex 2025.11.7)  31 MAR 2026 13:25
entering extended mode
 restricted \write18 enabled.
 %&-line parsing enabled.
**thesis.tex
(./thesis.tex
LaTeX2e <2024-11-01> patch level 2
L3 programming layer <2025-01-18>

(/usr/local/Cellar/texlive/20250308_2/share/texmf-dist/tex/latex/base/report.cl
s
Document Class: report 2024/06/29 v1.4n Standard LaTeX document class

(/usr/local/Cellar/texlive/20250308_2/share/texmf-dist/tex/latex/base/size11.cl
o
File: size11.clo 2024/06/29 v1.4n Standard LaTeX file (size option)
)
\c@part=\count196
\c@chapter=\count197
\c@section=\count198
\c@subsection=\count199
\c@subsubsection=\count266
\c@paragraph=\count267
\c@subparagraph=\count268
\c@figure=\count269
\c@table=\count270
\abovecaptionskip=\skip49
\belowcaptionskip=\skip50
\bibindent=\dimen141
)
(/usr/local/Cellar/texlive/20250308_2/share/texmf-dist/tex/latex/base/inputenc.
sty
Package: inputenc 2024/02/08 v1.3d Input encoding file
\inpenc@prehook=\toks17
\inpenc@posthook=\toks18
)
(/usr/local/Cellar/texlive/20250308_2/share/texmf-dist/tex/latex/base/fontenc.s
ty
Package: fontenc 2021/04/29 v2.0v Standard LaTeX package
)
(/usr/local/Cellar/texlive/20250308_2/share/texmf-dist/tex/latex/lm/lmodern.sty
Package: lmodern 2015/05/01 v1.6.1 Latin Modern Fonts
LaTeX Font Info:    Overwriting symbol font `operators' in version `normal'
(Font)                  OT1/cmr/m/n --> OT1/lmr/m/n on input line 22.
LaTeX Font Info:    Overwriting symbol font `letters' in version `normal'
(Font)                  OML/cmm/m/it --> OML/lmm/m/it on input line 23.
LaTeX Font Info:    Overwriting symbol font `symbols' in version `normal'
(Font)                  OMS/cmsy/m/n --> OMS/lmsy/m/n on input line 24.
LaTeX Font Info:    Overwriting symbol font `largesymbols' in version `normal'
(Font)                  OMX/cmex/m/n --> OMX/lmex/m/n on input line 25.
LaTeX Font Info:    Overwriting symbol font `operators' in version `bold'
(Font)                  OT1/cmr/bx/n --> OT1/lmr/bx/n on input line 26.
LaTeX Font Info:    Overwriting symbol font `letters' in version `bold'
(Font)                  OML/cmm/b/it --> OML/lmm/b/it on input line 27.
LaTeX Font Info:    Overwriting symbol font `symbols' in version `bold'
(Font)                  OMS/cmsy/b/n --> OMS/lmsy/b/n on input line 28.
LaTeX Font Info:    Overwriting symbol font `largesymbols' in version `bold'
(Font)                  OMX/cmex/m/n --> OMX/lmex/m/n on input line 29.
LaTeX Font Info:    Overwriting math alphabet `\mathbf' in version `normal'
(Font)                  OT1/cmr/bx/n --> OT1/lmr/bx/n on input line 31.
LaTeX Font Info:    Overwriting math alphabet `\mathsf' in version `normal'
(Font)                  OT1/cmss/m/n --> OT1/lmss/m/n on input line 32.
LaTeX Font Info:    Overwriting math alphabet `\mathit' in version `normal'
(Font)                  OT1/cmr/m/it --> OT1/lmr/m/it on input line 33.
LaTeX Font Info:    Overwriting math alphabet `\mathtt' in version `normal'
(Font)                  OT1/cmtt/m/n --> OT1/lmtt/m/n on input line 34.
LaTeX Font Info:    Overwriting math alphabet `\mathbf' in version `bold'
(Font)                  OT1/cmr/bx/n --> OT1/lmr/bx/n on input line 35.
LaTeX Font Info:    Overwriting math alphabet `\mathsf' in version `bold'
(Font)                  OT1/cmss/bx/n --> OT1/lmss/bx/n on input line 36.
LaTeX Font Info:    Overwriting math alphabet `\mathit' in version `bold'
(Font)                  OT1/cmr/bx/it --> OT1/lmr/bx/it on input line 37.
LaTeX Font Info:    Overwriting math alphabet `\mathtt' in version `bold'
(Font)                  OT1/cmtt/m/n --> OT1/lmtt/m/n on input line 38.
)
(/usr/local/Cellar/texlive/20250308_2/share/texmf-dist/tex/latex/microtype/micr
otype.sty
Package: microtype 2025/02/11 v3.2a Micro-typographical refinements (RS)

(/usr/local/Cellar/texlive/20250308_2/share/texmf-dist/tex/latex/graphics/keyva
l.sty
Package: keyval 2022/05/29 v1.15 key=value parser (DPC)
\KV@toks@=\toks19
)
(/usr/local/Cellar/texlive/20250308_2/share/texmf-dist/tex/latex/etoolbox/etool
box.sty
Package: etoolbox 2025/02/11 v2.5l e-TeX tools for LaTeX (JAW)
\etb@tempcnta=\count271
)
\MT@toks=\toks20
\MT@tempbox=\box52
\MT@count=\count272
LaTeX Info: Redefining \noprotrusionifhmode on input line 1087.
LaTeX Info: Redefining \leftprotrusion on input line 1088.
\MT@prot@toks=\toks21
LaTeX Info: Redefining \rightprotrusion on input line 1107.
LaTeX Info: Redefining \textls on input line 1449.
\MT@outer@kern=\dimen142
LaTeX Info: Redefining \microtypecontext on input line 2053.
LaTeX Info: Redefining \textmicrotypecontext on input line 2070.
\MT@listname@count=\count273

(/usr/local/Cellar/texlive/20250308_2/share/texmf-dist/tex/latex/microtype/micr
otype-pdftex.def
File: microtype-pdftex.def 2025/02/11 v3.2a Definitions specific to pdftex (RS)

LaTeX Info: Redefining \lsstyle on input line 944.
LaTeX Info: Redefining \lslig on input line 944.
\MT@outer@space=\skip51
)
Package microtype Info: Loading configuration file microtype.cfg.

(/usr/local/Cellar/texlive/20250308_2/share/texmf-dist/tex/latex/microtype/micr
otype.cfg
File: microtype.cfg 2025/02/11 v3.2a microtype main configuration file (RS)
)
LaTeX Info: Redefining \microtypesetup on input line 3065.
)
(/usr/local/Cellar/texlive/20250308_2/share/texmf-dist/tex/latex/geometry/geome
try.sty
Package: geometry 2020/01/02 v5.9 Page Geometry

(/usr/local/Cellar/texlive/20250308_2/share/texmf-dist/tex/generic/iftex/ifvtex
.sty
Package: ifvtex 2019/10/25 v1.7 ifvtex legacy package. Use iftex instead.

(/usr/local/Cellar/texlive/20250308_2/share/texmf-dist/tex/generic/iftex/iftex.
sty
Package: iftex 2024/12/12 v1.0g TeX engine tests
))
\Gm@cnth=\count274
\Gm@cntv=\count275
\c@Gm@tempcnt=\count276
\Gm@bindingoffset=\dimen143
\Gm@wd@mp=\dimen144
\Gm@odd@mp=\dimen145
\Gm@even@mp=\dimen146
\Gm@layoutwidth=\dimen147
\Gm@layoutheight=\dimen148
\Gm@layouthoffset=\dimen149
\Gm@layoutvoffset=\dimen150
\Gm@dimlist=\toks22
)
(/usr/local/Cellar/texlive/20250308_2/share/texmf-dist/tex/latex/amsmath/amsmat
h.sty
Package: amsmath 2024/11/05 v2.17t AMS math features
\@mathmargin=\skip52

For additional information on amsmath, use the `?' option.

(/usr/local/Cellar/texlive/20250308_2/share/texmf-dist/tex/latex/amsmath/amstex
t.sty
Package: amstext 2021/08/26 v2.01 AMS text

(/usr/local/Cellar/texlive/20250308_2/share/texmf-dist/tex/latex/amsmath/amsgen
.sty
File: amsgen.sty 1999/11/30 v2.0 generic functions
\@emptytoks=\toks23
\ex@=\dimen151
))
(/usr/local/Cellar/texlive/20250308_2/share/texmf-dist/tex/latex/amsmath/amsbsy
.sty
Package: amsbsy 1999/11/29 v1.2d Bold Symbols
\pmbraise@=\dimen152
)
(/usr/local/Cellar/texlive/20250308_2/share/texmf-dist/tex/latex/amsmath/amsopn
.sty
Package: amsopn 2022/04/08 v2.04 operator names
)
\inf@bad=\count277
LaTeX Info: Redefining \frac on input line 233.
\uproot@=\count278
\leftroot@=\count279
LaTeX Info: Redefining \overline on input line 398.
LaTeX Info: Redefining \colon on input line 409.
\classnum@=\count280
\DOTSCASE@=\count281
LaTeX Info: Redefining \ldots on input line 495.
LaTeX Info: Redefining \dots on input line 498.
LaTeX Info: Redefining \cdots on input line 619.
\Mathstrutbox@=\box53
\strutbox@=\box54
LaTeX Info: Redefining \big on input line 721.
LaTeX Info: Redefining \Big on input line 722.
LaTeX Info: Redefining \bigg on input line 723.
LaTeX Info: Redefining \Bigg on input line 724.
\big@size=\dimen153
LaTeX Font Info:    Redeclaring font encoding OML on input line 742.
LaTeX Font Info:    Redeclaring font encoding OMS on input line 743.
\macc@depth=\count282
LaTeX Info: Redefining \bmod on input line 904.
LaTeX Info: Redefining \pmod on input line 909.
LaTeX Info: Redefining \smash on input line 939.
LaTeX Info: Redefining \relbar on input line 969.
LaTeX Info: Redefining \Relbar on input line 970.
\c@MaxMatrixCols=\count283
\dotsspace@=\muskip17
\c@parentequation=\count284
\dspbrk@lvl=\count285
\tag@help=\toks24
\row@=\count286
\column@=\count287
\maxfields@=\count288
\andhelp@=\toks25
\eqnshift@=\dimen154
\alignsep@=\dimen155
\tagshift@=\dimen156
\tagwidth@=\dimen157
\totwidth@=\dimen158
\lineht@=\dimen159
\@envbody=\toks26
\multlinegap=\skip53
\multlinetaggap=\skip54
\mathdisplay@stack=\toks27
LaTeX Info: Redefining \[ on input line 2953.
LaTeX Info: Redefining \] on input line 2954.
)
(/usr/local/Cellar/texlive/20250308_2/share/texmf-dist/tex/latex/amsfonts/amssy
mb.sty
Package: amssymb 2013/01/14 v3.01 AMS font symbols

(/usr/local/Cellar/texlive/20250308_2/share/texmf-dist/tex/latex/amsfonts/amsfo
nts.sty
Package: amsfonts 2013/01/14 v3.01 Basic AMSFonts support
\symAMSa=\mathgroup4
\symAMSb=\mathgroup5
LaTeX Font Info:    Redeclaring math symbol \hbar on input line 98.
LaTeX Font Info:    Overwriting math alphabet `\mathfrak' in version `bold'
(Font)                  U/euf/m/n --> U/euf/b/n on input line 106.
))
(/usr/local/Cellar/texlive/20250308_2/share/texmf-dist/tex/latex/tools/bm.sty
Package: bm 2023/12/19 v1.2f Bold Symbol Support (DPC/FMi)
\symboldoperators=\mathgroup6
\symboldletters=\mathgroup7
\symboldsymbols=\mathgroup8
Package bm Info: No bold for \OMX/lmex/m/n, using \pmb.
Package bm Info: No bold for \U/msa/m/n, using \pmb.
Package bm Info: No bold for \U/msb/m/n, using \pmb.
LaTeX Font Info:    Redeclaring math alphabet \mathbf on input line 149.
)
(/usr/local/Cellar/texlive/20250308_2/share/texmf-dist/tex/latex/mathtools/math
tools.sty
Package: mathtools 2024/10/04 v1.31 mathematical typesetting tools

(/usr/local/Cellar/texlive/20250308_2/share/texmf-dist/tex/latex/tools/calc.sty
Package: calc 2023/07/08 v4.3 Infix arithmetic (KKT,FJ)
\calc@Acount=\count289
\calc@Bcount=\count290
\calc@Adimen=\dimen160
\calc@Bdimen=\dimen161
\calc@Askip=\skip55
\calc@Bskip=\skip56
LaTeX Info: Redefining \setlength on input line 80.
LaTeX Info: Redefining \addtolength on input line 81.
\calc@Ccount=\count291
\calc@Cskip=\skip57
)
(/usr/local/Cellar/texlive/20250308_2/share/texmf-dist/tex/latex/mathtools/mhse
tup.sty
Package: mhsetup 2021/03/18 v1.4 programming setup (MH)
)
\g_MT_multlinerow_int=\count292
\l_MT_multwidth_dim=\dimen162
\origjot=\skip58
\l_MT_shortvdotswithinadjustabove_dim=\dimen163
\l_MT_shortvdotswithinadjustbelow_dim=\dimen164
\l_MT_above_intertext_sep=\dimen165
\l_MT_below_intertext_sep=\dimen166
\l_MT_above_shortintertext_sep=\dimen167
\l_MT_below_shortintertext_sep=\dimen168
\xmathstrut@box=\box55
\xmathstrut@dim=\dimen169
)
(/usr/local/Cellar/texlive/20250308_2/share/texmf-dist/tex/latex/tools/array.st
y
Package: array 2024/10/17 v2.6g Tabular extension package (FMi)
\col@sep=\dimen170
\ar@mcellbox=\box56
\extrarowheight=\dimen171
\NC@list=\toks28
\extratabsurround=\skip59
\backup@length=\skip60
\ar@cellbox=\box57
)
(/usr/local/Cellar/texlive/20250308_2/share/texmf-dist/tex/latex/booktabs/bookt
abs.sty
Package: booktabs 2020/01/12 v1.61803398 Publication quality tables
\heavyrulewidth=\dimen172
\lightrulewidth=\dimen173
\cmidrulewidth=\dimen174
\belowrulesep=\dimen175
\belowbottomsep=\dimen176
\aboverulesep=\dimen177
\abovetopsep=\dimen178
\cmidrulesep=\dimen179
\cmidrulekern=\dimen180
\defaultaddspace=\dimen181
\@cmidla=\count293
\@cmidlb=\count294
\@aboverulesep=\dimen182
\@belowrulesep=\dimen183
\@thisruleclass=\count295
\@lastruleclass=\count296
\@thisrulewidth=\dimen184
)
(/usr/local/Cellar/texlive/20250308_2/share/texmf-dist/tex/latex/tools/longtabl
e.sty
Package: longtable 2024-10-27 v4.22 Multi-page Table package (DPC)
\LTleft=\skip61
\LTright=\skip62
\LTpre=\skip63
\LTpost=\skip64
\LTchunksize=\count297
\LTcapwidth=\dimen185
\LT@head=\box58
\LT@firsthead=\box59
\LT@foot=\box60
\LT@lastfoot=\box61
\LT@gbox=\box62
\LT@cols=\count298
\LT@rows=\count299
\c@LT@tables=\count300
\c@LT@chunks=\count301
\LT@p@ftn=\toks29
)
(/usr/local/Cellar/texlive/20250308_2/share/texmf-dist/tex/latex/tools/tabularx
.sty
Package: tabularx 2023/12/11 v2.12a `tabularx' package (DPC)
\TX@col@width=\dimen186
\TX@old@table=\dimen187
\TX@old@col=\dimen188
\TX@target=\dimen189
\TX@delta=\dimen190
\TX@cols=\count302
\TX@ftn=\toks30
)
(/usr/local/Cellar/texlive/20250308_2/share/texmf-dist/tex/latex/multirow/multi
row.sty
Package: multirow 2024/11/12 v2.9 Span multiple rows of a table
\multirow@colwidth=\skip65
\multirow@cntb=\count303
\multirow@dima=\skip66
\bigstrutjot=\dimen191
)
(/usr/local/Cellar/texlive/20250308_2/share/texmf-dist/tex/latex/graphics/graph
icx.sty
Package: graphicx 2021/09/16 v1.2d Enhanced LaTeX Graphics (DPC,SPQR)

(/usr/local/Cellar/texlive/20250308_2/share/texmf-dist/tex/latex/graphics/graph
ics.sty
Package: graphics 2024/08/06 v1.4g Standard LaTeX Graphics (DPC,SPQR)

(/usr/local/Cellar/texlive/20250308_2/share/texmf-dist/tex/latex/graphics/trig.
sty
Package: trig 2023/12/02 v1.11 sin cos tan (DPC)
)
(/usr/local/Cellar/texlive/20250308_2/share/texmf-dist/tex/latex/graphics-cfg/g
raphics.cfg
File: graphics.cfg 2016/06/04 v1.11 sample graphics configuration
)
Package graphics Info: Driver file: pdftex.def on input line 106.

(/usr/local/Cellar/texlive/20250308_2/share/texmf-dist/tex/latex/graphics-def/p
dftex.def
File: pdftex.def 2024/04/13 v1.2c Graphics/color driver for pdftex
))
\Gin@req@height=\dimen192
\Gin@req@width=\dimen193
)
(/usr/local/Cellar/texlive/20250308_2/share/texmf-dist/tex/latex/caption/subcap
tion.sty
Package: subcaption 2023/07/28 v1.6b Sub-captions (AR)

(/usr/local/Cellar/texlive/20250308_2/share/texmf-dist/tex/latex/caption/captio
n.sty
Package: caption 2023/08/05 v3.6o Customizing captions (AR)

(/usr/local/Cellar/texlive/20250308_2/share/texmf-dist/tex/latex/caption/captio
n3.sty
Package: caption3 2023/07/31 v2.4d caption3 kernel (AR)
\caption@tempdima=\dimen194
\captionmargin=\dimen195
\caption@leftmargin=\dimen196
\caption@rightmargin=\dimen197
\caption@width=\dimen198
\caption@indent=\dimen199
\caption@parindent=\dimen256
\caption@hangindent=\dimen257
Package caption Info: Standard document class detected.
)
\c@caption@flags=\count304
\c@continuedfloat=\count305
Package caption Info: longtable package is loaded.

(/usr/local/Cellar/texlive/20250308_2/share/texmf-dist/tex/latex/caption/ltcapt
ion.sty
Package: ltcaption 2021/01/08 v1.4c longtable captions (AR)
))
Package caption Info: New subtype `subfigure' on input line 238.
\c@subfigure=\count306
Package caption Info: New subtype `subtable' on input line 238.
\c@subtable=\count307
)
(/usr/local/Cellar/texlive/20250308_2/share/texmf-dist/tex/latex/xcolor/xcolor.
sty
Package: xcolor 2024/09/29 v3.02 LaTeX color extensions (UK)

(/usr/local/Cellar/texlive/20250308_2/share/texmf-dist/tex/latex/graphics-cfg/c
olor.cfg
File: color.cfg 2016/01/02 v1.6 sample color configuration
)
Package xcolor Info: Driver file: pdftex.def on input line 274.

(/usr/local/Cellar/texlive/20250308_2/share/texmf-dist/tex/latex/graphics/mathc
olor.ltx)
Package xcolor Info: Model `cmy' substituted by `cmy0' on input line 1349.
Package xcolor Info: Model `hsb' substituted by `rgb' on input line 1353.
Package xcolor Info: Model `RGB' extended on input line 1365.
Package xcolor Info: Model `HTML' substituted by `rgb' on input line 1367.
Package xcolor Info: Model `Hsb' substituted by `hsb' on input line 1368.
Package xcolor Info: Model `tHsb' substituted by `hsb' on input line 1369.
Package xcolor Info: Model `HSB' substituted by `hsb' on input line 1370.
Package xcolor Info: Model `Gray' substituted by `gray' on input line 1371.
Package xcolor Info: Model `wave' substituted by `hsb' on input line 1372.
)
(/usr/local/Cellar/texlive/20250308_2/share/texmf-dist/tex/latex/listings/listi
ngs.sty
\lst@mode=\count308
\lst@gtempboxa=\box63
\lst@token=\toks31
\lst@length=\count309
\lst@currlwidth=\dimen258
\lst@column=\count310
\lst@pos=\count311
\lst@lostspace=\dimen259
\lst@width=\dimen260
\lst@newlines=\count312
\lst@lineno=\count313
\lst@maxwidth=\dimen261

(/usr/local/Cellar/texlive/20250308_2/share/texmf-dist/tex/latex/listings/lstpa
tch.sty
File: lstpatch.sty 2024/09/23 1.10c (Carsten Heinz)
)
(/usr/local/Cellar/texlive/20250308_2/share/texmf-dist/tex/latex/listings/lstmi
sc.sty
File: lstmisc.sty 2024/09/23 1.10c (Carsten Heinz)
\c@lstnumber=\count314
\lst@skipnumbers=\count315
\lst@framebox=\box64
)
(/usr/local/Cellar/texlive/20250308_2/share/texmf-dist/tex/latex/listings/listi
ngs.cfg
File: listings.cfg 2024/09/23 1.10c listings configuration
))
Package: listings 2024/09/23 1.10c (Carsten Heinz)

(/usr/local/Cellar/texlive/20250308_2/share/texmf-dist/tex/latex/cleveref/cleve
ref.sty
Package: cleveref 2018/03/27 v0.21.4 Intelligent cross-referencing
Package cleveref Info: `listings' support loaded on input line 3131.
Package cleveref Info: always capitalise cross-reference names on input line 78
30.
Package cleveref Info: include cross-reference names in hyperlinks on input lin
e 7836.
Package cleveref Info: include cross-reference names in hyperlinks on input lin
e 7852.
Package cleveref Info: always capitalise cross-reference names on input line 78
52.
Package cleveref Info: no abbreviation of names on input line 7852.
)
(/usr/local/Cellar/texlive/20250308_2/share/texmf-dist/tex/latex/natbib/natbib.
sty
Package: natbib 2010/09/13 8.31b (PWD, AO)
\bibhang=\skip67
\bibsep=\skip68
LaTeX Info: Redefining \cite on input line 694.
\c@NAT@ctr=\count316
)
(/usr/local/Cellar/texlive/20250308_2/share/texmf-dist/tex/latex/hyperref/hyper
ref.sty
Package: hyperref 2024-11-05 v7.01l Hypertext links for LaTeX

(/usr/local/Cellar/texlive/20250308_2/share/texmf-dist/tex/latex/kvsetkeys/kvse
tkeys.sty
Package: kvsetkeys 2022-10-05 v1.19 Key value parser (HO)
)
(/usr/local/Cellar/texlive/20250308_2/share/texmf-dist/tex/generic/kvdefinekeys
/kvdefinekeys.sty
Package: kvdefinekeys 2019-12-19 v1.6 Define keys (HO)
)
(/usr/local/Cellar/texlive/20250308_2/share/texmf-dist/tex/generic/pdfescape/pd
fescape.sty
Package: pdfescape 2019/12/09 v1.15 Implements pdfTeX's escape features (HO)

(/usr/local/Cellar/texlive/20250308_2/share/texmf-dist/tex/generic/ltxcmds/ltxc
mds.sty
Package: ltxcmds 2023-12-04 v1.26 LaTeX kernel commands for general use (HO)
)
(/usr/local/Cellar/texlive/20250308_2/share/texmf-dist/tex/generic/pdftexcmds/p
dftexcmds.sty
Package: pdftexcmds 2020-06-27 v0.33 Utility functions of pdfTeX for LuaTeX (HO
)

(/usr/local/Cellar/texlive/20250308_2/share/texmf-dist/tex/generic/infwarerr/in
fwarerr.sty
Package: infwarerr 2019/12/03 v1.5 Providing info/warning/error messages (HO)
)
Package pdftexcmds Info: \pdf@primitive is available.
Package pdftexcmds Info: \pdf@ifprimitive is available.
Package pdftexcmds Info: \pdfdraftmode found.
))
(/usr/local/Cellar/texlive/20250308_2/share/texmf-dist/tex/latex/hycolor/hycolo
r.sty
Package: hycolor 2020-01-27 v1.10 Color options for hyperref/bookmark (HO)
)
(/usr/local/Cellar/texlive/20250308_2/share/texmf-dist/tex/latex/hyperref/namer
ef.sty
Package: nameref 2023-11-26 v2.56 Cross-referencing by name of section

(/usr/local/Cellar/texlive/20250308_2/share/texmf-dist/tex/latex/refcount/refco
unt.sty
Package: refcount 2019/12/15 v3.6 Data extraction from label references (HO)
)
(/usr/local/Cellar/texlive/20250308_2/share/texmf-dist/tex/generic/gettitlestri
ng/gettitlestring.sty
Package: gettitlestring 2019/12/15 v1.6 Cleanup title references (HO)

(/usr/local/Cellar/texlive/20250308_2/share/texmf-dist/tex/latex/kvoptions/kvop
tions.sty
Package: kvoptions 2022-06-15 v3.15 Key value format for package options (HO)
))
\c@section@level=\count317
)
(/usr/local/Cellar/texlive/20250308_2/share/texmf-dist/tex/generic/stringenc/st
ringenc.sty
Package: stringenc 2019/11/29 v1.12 Convert strings between diff. encodings (HO
)
)
\@linkdim=\dimen262
\Hy@linkcounter=\count318
\Hy@pagecounter=\count319

(/usr/local/Cellar/texlive/20250308_2/share/texmf-dist/tex/latex/hyperref/pd1en
c.def
File: pd1enc.def 2024-11-05 v7.01l Hyperref: PDFDocEncoding definition (HO)
Now handling font encoding PD1 ...
... no UTF-8 mapping file for font encoding PD1
)
(/usr/local/Cellar/texlive/20250308_2/share/texmf-dist/tex/generic/intcalc/intc
alc.sty
Package: intcalc 2019/12/15 v1.3 Expandable calculations with integers (HO)
)
\Hy@SavedSpaceFactor=\count320

(/usr/local/Cellar/texlive/20250308_2/share/texmf-dist/tex/latex/hyperref/puenc
.def
File: puenc.def 2024-11-05 v7.01l Hyperref: PDF Unicode definition (HO)
Now handling font encoding PU ...
... no UTF-8 mapping file for font encoding PU
)
Package hyperref Info: Hyper figures OFF on input line 4157.
Package hyperref Info: Link nesting OFF on input line 4162.
Package hyperref Info: Hyper index ON on input line 4165.
Package hyperref Info: Plain pages OFF on input line 4172.
Package hyperref Info: Backreferencing OFF on input line 4177.
Package hyperref Info: Implicit mode ON; LaTeX internals redefined.
Package hyperref Info: Bookmarks ON on input line 4424.
\c@Hy@tempcnt=\count321

(/usr/local/Cellar/texlive/20250308_2/share/texmf-dist/tex/latex/url/url.sty
\Urlmuskip=\muskip18
Package: url 2013/09/16  ver 3.4  Verb mode for urls, etc.
)
LaTeX Info: Redefining \url on input line 4763.
\XeTeXLinkMargin=\dimen263

(/usr/local/Cellar/texlive/20250308_2/share/texmf-dist/tex/generic/bitset/bitse
t.sty
Package: bitset 2019/12/09 v1.3 Handle bit-vector datatype (HO)

(/usr/local/Cellar/texlive/20250308_2/share/texmf-dist/tex/generic/bigintcalc/b
igintcalc.sty
Package: bigintcalc 2019/12/15 v1.5 Expandable calculations on big integers (HO
)
))
\Fld@menulength=\count322
\Field@Width=\dimen264
\Fld@charsize=\dimen265
Package hyperref Info: Hyper figures OFF on input line 6042.
Package hyperref Info: Link nesting OFF on input line 6047.
Package hyperref Info: Hyper index ON on input line 6050.
Package hyperref Info: backreferencing OFF on input line 6057.
Package hyperref Info: Link coloring OFF on input line 6062.
Package hyperref Info: Link coloring with OCG OFF on input line 6067.
Package hyperref Info: PDF/A mode OFF on input line 6072.

(/usr/local/Cellar/texlive/20250308_2/share/texmf-dist/tex/latex/base/atbegshi-
ltx.sty
Package: atbegshi-ltx 2021/01/10 v1.0c Emulation of the original atbegshi
package with kernel methods
)
\Hy@abspage=\count323
\c@Item=\count324
\c@Hfootnote=\count325
)
Package hyperref Info: Driver (autodetected): hpdftex.

(/usr/local/Cellar/texlive/20250308_2/share/texmf-dist/tex/latex/hyperref/hpdft
ex.def
File: hpdftex.def 2024-11-05 v7.01l Hyperref driver for pdfTeX

(/usr/local/Cellar/texlive/20250308_2/share/texmf-dist/tex/latex/base/atveryend
-ltx.sty
Package: atveryend-ltx 2020/08/19 v1.0a Emulation of the original atveryend pac
kage
with kernel methods
)
\Fld@listcount=\count326
\c@bookmark@seq@number=\count327

(/usr/local/Cellar/texlive/20250308_2/share/texmf-dist/tex/latex/rerunfilecheck
/rerunfilecheck.sty
Package: rerunfilecheck 2022-07-10 v1.10 Rerun checks for auxiliary files (HO)

(/usr/local/Cellar/texlive/20250308_2/share/texmf-dist/tex/generic/uniquecounte
r/uniquecounter.sty
Package: uniquecounter 2019/12/15 v1.4 Provide unlimited unique counter (HO)
)
Package uniquecounter Info: New unique counter `rerunfilecheck' on input line 2
85.
)
\Hy@SectionHShift=\skip69
)
Package hyperref Info: Option `colorlinks' set `true' on input line 34.

(/usr/local/Cellar/texlive/20250308_2/share/texmf-dist/tex/latex/pgf/frontendla
yer/tikz.sty
(/usr/local/Cellar/texlive/20250308_2/share/texmf-dist/tex/latex/pgf/basiclayer
/pgf.sty
(/usr/local/Cellar/texlive/20250308_2/share/texmf-dist/tex/latex/pgf/utilities/
pgfrcs.sty
(/usr/local/Cellar/texlive/20250308_2/share/texmf-dist/tex/generic/pgf/utilitie
s/pgfutil-common.tex
\pgfutil@everybye=\toks32
\pgfutil@tempdima=\dimen266
\pgfutil@tempdimb=\dimen267
)
(/usr/local/Cellar/texlive/20250308_2/share/texmf-dist/tex/generic/pgf/utilitie
s/pgfutil-latex.def
\pgfutil@abb=\box65
)
(/usr/local/Cellar/texlive/20250308_2/share/texmf-dist/tex/generic/pgf/utilitie
s/pgfrcs.code.tex
(/usr/local/Cellar/texlive/20250308_2/share/texmf-dist/tex/generic/pgf/pgf.revi
sion.tex)
Package: pgfrcs 2023-01-15 v3.1.10 (3.1.10)
))
Package: pgf 2023-01-15 v3.1.10 (3.1.10)

(/usr/local/Cellar/texlive/20250308_2/share/texmf-dist/tex/latex/pgf/basiclayer
/pgfcore.sty
(/usr/local/Cellar/texlive/20250308_2/share/texmf-dist/tex/latex/pgf/systemlaye
r/pgfsys.sty
(/usr/local/Cellar/texlive/20250308_2/share/texmf-dist/tex/generic/pgf/systemla
yer/pgfsys.code.tex
Package: pgfsys 2023-01-15 v3.1.10 (3.1.10)

(/usr/local/Cellar/texlive/20250308_2/share/texmf-dist/tex/generic/pgf/utilitie
s/pgfkeys.code.tex
\pgfkeys@pathtoks=\toks33
\pgfkeys@temptoks=\toks34

(/usr/local/Cellar/texlive/20250308_2/share/texmf-dist/tex/generic/pgf/utilitie
s/pgfkeyslibraryfiltered.code.tex
\pgfkeys@tmptoks=\toks35
))
\pgf@x=\dimen268
\pgf@y=\dimen269
\pgf@xa=\dimen270
\pgf@ya=\dimen271
\pgf@xb=\dimen272
\pgf@yb=\dimen273
\pgf@xc=\dimen274
\pgf@yc=\dimen275
\pgf@xd=\dimen276
\pgf@yd=\dimen277
\w@pgf@writea=\write3
\r@pgf@reada=\read2
\c@pgf@counta=\count328
\c@pgf@countb=\count329
\c@pgf@countc=\count330
\c@pgf@countd=\count331
\t@pgf@toka=\toks36
\t@pgf@tokb=\toks37
\t@pgf@tokc=\toks38
\pgf@sys@id@count=\count332

(/usr/local/Cellar/texlive/20250308_2/share/texmf-dist/tex/generic/pgf/systemla
yer/pgf.cfg
File: pgf.cfg 2023-01-15 v3.1.10 (3.1.10)
)
Driver file for pgf: pgfsys-pdftex.def

(/usr/local/Cellar/texlive/20250308_2/share/texmf-dist/tex/generic/pgf/systemla
yer/pgfsys-pdftex.def
File: pgfsys-pdftex.def 2023-01-15 v3.1.10 (3.1.10)

(/usr/local/Cellar/texlive/20250308_2/share/texmf-dist/tex/generic/pgf/systemla
yer/pgfsys-common-pdf.def
File: pgfsys-common-pdf.def 2023-01-15 v3.1.10 (3.1.10)
)))
(/usr/local/Cellar/texlive/20250308_2/share/texmf-dist/tex/generic/pgf/systemla
yer/pgfsyssoftpath.code.tex
File: pgfsyssoftpath.code.tex 2023-01-15 v3.1.10 (3.1.10)
\pgfsyssoftpath@smallbuffer@items=\count333
\pgfsyssoftpath@bigbuffer@items=\count334
)
(/usr/local/Cellar/texlive/20250308_2/share/texmf-dist/tex/generic/pgf/systemla
yer/pgfsysprotocol.code.tex
File: pgfsysprotocol.code.tex 2023-01-15 v3.1.10 (3.1.10)
))
(/usr/local/Cellar/texlive/20250308_2/share/texmf-dist/tex/generic/pgf/basiclay
er/pgfcore.code.tex
Package: pgfcore 2023-01-15 v3.1.10 (3.1.10)

(/usr/local/Cellar/texlive/20250308_2/share/texmf-dist/tex/generic/pgf/math/pgf
math.code.tex
(/usr/local/Cellar/texlive/20250308_2/share/texmf-dist/tex/generic/pgf/math/pgf
mathutil.code.tex)
(/usr/local/Cellar/texlive/20250308_2/share/texmf-dist/tex/generic/pgf/math/pgf
mathparser.code.tex
\pgfmath@dimen=\dimen278
\pgfmath@count=\count335
\pgfmath@box=\box66
\pgfmath@toks=\toks39
\pgfmath@stack@operand=\toks40
\pgfmath@stack@operation=\toks41
)
(/usr/local/Cellar/texlive/20250308_2/share/texmf-dist/tex/generic/pgf/math/pgf
mathfunctions.code.tex)
(/usr/local/Cellar/texlive/20250308_2/share/texmf-dist/tex/generic/pgf/math/pgf
mathfunctions.basic.code.tex)
(/usr/local/Cellar/texlive/20250308_2/share/texmf-dist/tex/generic/pgf/math/pgf
mathfunctions.trigonometric.code.tex)
(/usr/local/Cellar/texlive/20250308_2/share/texmf-dist/tex/generic/pgf/math/pgf
mathfunctions.random.code.tex)
(/usr/local/Cellar/texlive/20250308_2/share/texmf-dist/tex/generic/pgf/math/pgf
mathfunctions.comparison.code.tex)
(/usr/local/Cellar/texlive/20250308_2/share/texmf-dist/tex/generic/pgf/math/pgf
mathfunctions.base.code.tex)
(/usr/local/Cellar/texlive/20250308_2/share/texmf-dist/tex/generic/pgf/math/pgf
mathfunctions.round.code.tex)
(/usr/local/Cellar/texlive/20250308_2/share/texmf-dist/tex/generic/pgf/math/pgf
mathfunctions.misc.code.tex)
(/usr/local/Cellar/texlive/20250308_2/share/texmf-dist/tex/generic/pgf/math/pgf
mathfunctions.integerarithmetics.code.tex)
(/usr/local/Cellar/texlive/20250308_2/share/texmf-dist/tex/generic/pgf/math/pgf
mathcalc.code.tex)
(/usr/local/Cellar/texlive/20250308_2/share/texmf-dist/tex/generic/pgf/math/pgf
mathfloat.code.tex
\c@pgfmathroundto@lastzeros=\count336
))
(/usr/local/Cellar/texlive/20250308_2/share/texmf-dist/tex/generic/pgf/math/pgf
int.code.tex)
(/usr/local/Cellar/texlive/20250308_2/share/texmf-dist/tex/generic/pgf/basiclay
er/pgfcorepoints.code.tex
File: pgfcorepoints.code.tex 2023-01-15 v3.1.10 (3.1.10)
\pgf@picminx=\dimen279
\pgf@picmaxx=\dimen280
\pgf@picminy=\dimen281
\pgf@picmaxy=\dimen282
\pgf@pathminx=\dimen283
\pgf@pathmaxx=\dimen284
\pgf@pathminy=\dimen285
\pgf@pathmaxy=\dimen286
\pgf@xx=\dimen287
\pgf@xy=\dimen288
\pgf@yx=\dimen289
\pgf@yy=\dimen290
\pgf@zx=\dimen291
\pgf@zy=\dimen292
)
(/usr/local/Cellar/texlive/20250308_2/share/texmf-dist/tex/generic/pgf/basiclay
er/pgfcorepathconstruct.code.tex
File: pgfcorepathconstruct.code.tex 2023-01-15 v3.1.10 (3.1.10)
\pgf@path@lastx=\dimen293
\pgf@path@lasty=\dimen294
)
(/usr/local/Cellar/texlive/20250308_2/share/texmf-dist/tex/generic/pgf/basiclay
er/pgfcorepathusage.code.tex
File: pgfcorepathusage.code.tex 2023-01-15 v3.1.10 (3.1.10)
\pgf@shorten@end@additional=\dimen295
\pgf@shorten@start@additional=\dimen296
)
(/usr/local/Cellar/texlive/20250308_2/share/texmf-dist/tex/generic/pgf/basiclay
er/pgfcorescopes.code.tex
File: pgfcorescopes.code.tex 2023-01-15 v3.1.10 (3.1.10)
\pgfpic=\box67
\pgf@hbox=\box68
\pgf@layerbox@main=\box69
\pgf@picture@serial@count=\count337
)
(/usr/local/Cellar/texlive/20250308_2/share/texmf-dist/tex/generic/pgf/basiclay
er/pgfcoregraphicstate.code.tex
File: pgfcoregraphicstate.code.tex 2023-01-15 v3.1.10 (3.1.10)
\pgflinewidth=\dimen297
)
(/usr/local/Cellar/texlive/20250308_2/share/texmf-dist/tex/generic/pgf/basiclay
er/pgfcoretransformations.code.tex
File: pgfcoretransformations.code.tex 2023-01-15 v3.1.10 (3.1.10)
\pgf@pt@x=\dimen298
\pgf@pt@y=\dimen299
\pgf@pt@temp=\dimen300
)
(/usr/local/Cellar/texlive/20250308_2/share/texmf-dist/tex/generic/pgf/basiclay
er/pgfcorequick.code.tex
File: pgfcorequick.code.tex 2023-01-15 v3.1.10 (3.1.10)
)
(/usr/local/Cellar/texlive/20250308_2/share/texmf-dist/tex/generic/pgf/basiclay
er/pgfcoreobjects.code.tex
File: pgfcoreobjects.code.tex 2023-01-15 v3.1.10 (3.1.10)
)
(/usr/local/Cellar/texlive/20250308_2/share/texmf-dist/tex/generic/pgf/basiclay
er/pgfcorepathprocessing.code.tex
File: pgfcorepathprocessing.code.tex 2023-01-15 v3.1.10 (3.1.10)
)
(/usr/local/Cellar/texlive/20250308_2/share/texmf-dist/tex/generic/pgf/basiclay
er/pgfcorearrows.code.tex
File: pgfcorearrows.code.tex 2023-01-15 v3.1.10 (3.1.10)
\pgfarrowsep=\dimen301
)
(/usr/local/Cellar/texlive/20250308_2/share/texmf-dist/tex/generic/pgf/basiclay
er/pgfcoreshade.code.tex
File: pgfcoreshade.code.tex 2023-01-15 v3.1.10 (3.1.10)
\pgf@max=\dimen302
\pgf@sys@shading@range@num=\count338
\pgf@shadingcount=\count339
)
(/usr/local/Cellar/texlive/20250308_2/share/texmf-dist/tex/generic/pgf/basiclay
er/pgfcoreimage.code.tex
File: pgfcoreimage.code.tex 2023-01-15 v3.1.10 (3.1.10)
)
(/usr/local/Cellar/texlive/20250308_2/share/texmf-dist/tex/generic/pgf/basiclay
er/pgfcoreexternal.code.tex
File: pgfcoreexternal.code.tex 2023-01-15 v3.1.10 (3.1.10)
\pgfexternal@startupbox=\box70
)
(/usr/local/Cellar/texlive/20250308_2/share/texmf-dist/tex/generic/pgf/basiclay
er/pgfcorelayers.code.tex
File: pgfcorelayers.code.tex 2023-01-15 v3.1.10 (3.1.10)
)
(/usr/local/Cellar/texlive/20250308_2/share/texmf-dist/tex/generic/pgf/basiclay
er/pgfcoretransparency.code.tex
File: pgfcoretransparency.code.tex 2023-01-15 v3.1.10 (3.1.10)
)
(/usr/local/Cellar/texlive/20250308_2/share/texmf-dist/tex/generic/pgf/basiclay
er/pgfcorepatterns.code.tex
File: pgfcorepatterns.code.tex 2023-01-15 v3.1.10 (3.1.10)
)
(/usr/local/Cellar/texlive/20250308_2/share/texmf-dist/tex/generic/pgf/basiclay
er/pgfcorerdf.code.tex
File: pgfcorerdf.code.tex 2023-01-15 v3.1.10 (3.1.10)
)))
(/usr/local/Cellar/texlive/20250308_2/share/texmf-dist/tex/generic/pgf/modules/
pgfmoduleshapes.code.tex
File: pgfmoduleshapes.code.tex 2023-01-15 v3.1.10 (3.1.10)
\pgfnodeparttextbox=\box71
)
(/usr/local/Cellar/texlive/20250308_2/share/texmf-dist/tex/generic/pgf/modules/
pgfmoduleplot.code.tex
File: pgfmoduleplot.code.tex 2023-01-15 v3.1.10 (3.1.10)
)
(/usr/local/Cellar/texlive/20250308_2/share/texmf-dist/tex/latex/pgf/compatibil
ity/pgfcomp-version-0-65.sty
Package: pgfcomp-version-0-65 2023-01-15 v3.1.10 (3.1.10)
\pgf@nodesepstart=\dimen303
\pgf@nodesepend=\dimen304
)
(/usr/local/Cellar/texlive/20250308_2/share/texmf-dist/tex/latex/pgf/compatibil
ity/pgfcomp-version-1-18.sty
Package: pgfcomp-version-1-18 2023-01-15 v3.1.10 (3.1.10)
))
(/usr/local/Cellar/texlive/20250308_2/share/texmf-dist/tex/latex/pgf/utilities/
pgffor.sty
(/usr/local/Cellar/texlive/20250308_2/share/texmf-dist/tex/latex/pgf/utilities/
pgfkeys.sty
(/usr/local/Cellar/texlive/20250308_2/share/texmf-dist/tex/generic/pgf/utilitie
s/pgfkeys.code.tex))
(/usr/local/Cellar/texlive/20250308_2/share/texmf-dist/tex/latex/pgf/math/pgfma
th.sty
(/usr/local/Cellar/texlive/20250308_2/share/texmf-dist/tex/generic/pgf/math/pgf
math.code.tex))
(/usr/local/Cellar/texlive/20250308_2/share/texmf-dist/tex/generic/pgf/utilitie
s/pgffor.code.tex
Package: pgffor 2023-01-15 v3.1.10 (3.1.10)
\pgffor@iter=\dimen305
\pgffor@skip=\dimen306
\pgffor@stack=\toks42
\pgffor@toks=\toks43
))
(/usr/local/Cellar/texlive/20250308_2/share/texmf-dist/tex/generic/pgf/frontend
layer/tikz/tikz.code.tex
Package: tikz 2023-01-15 v3.1.10 (3.1.10)

(/usr/local/Cellar/texlive/20250308_2/share/texmf-dist/tex/generic/pgf/librarie
s/pgflibraryplothandlers.code.tex
File: pgflibraryplothandlers.code.tex 2023-01-15 v3.1.10 (3.1.10)
\pgf@plot@mark@count=\count340
\pgfplotmarksize=\dimen307
)
\tikz@lastx=\dimen308
\tikz@lasty=\dimen309
\tikz@lastxsaved=\dimen310
\tikz@lastysaved=\dimen311
\tikz@lastmovetox=\dimen312
\tikz@lastmovetoy=\dimen313
\tikzleveldistance=\dimen314
\tikzsiblingdistance=\dimen315
\tikz@figbox=\box72
\tikz@figbox@bg=\box73
\tikz@tempbox=\box74
\tikz@tempbox@bg=\box75
\tikztreelevel=\count341
\tikznumberofchildren=\count342
\tikznumberofcurrentchild=\count343
\tikz@fig@count=\count344

(/usr/local/Cellar/texlive/20250308_2/share/texmf-dist/tex/generic/pgf/modules/
pgfmodulematrix.code.tex
File: pgfmodulematrix.code.tex 2023-01-15 v3.1.10 (3.1.10)
\pgfmatrixcurrentrow=\count345
\pgfmatrixcurrentcolumn=\count346
\pgf@matrix@numberofcolumns=\count347
)
\tikz@expandcount=\count348

(/usr/local/Cellar/texlive/20250308_2/share/texmf-dist/tex/generic/pgf/frontend
layer/tikz/libraries/tikzlibrarytopaths.code.tex
File: tikzlibrarytopaths.code.tex 2023-01-15 v3.1.10 (3.1.10)
)))
(/usr/local/Cellar/texlive/20250308_2/share/texmf-dist/tex/generic/pgf/librarie
s/pgflibraryarrows.meta.code.tex
File: pgflibraryarrows.meta.code.tex 2023-01-15 v3.1.10 (3.1.10)
\pgfarrowinset=\dimen316
\pgfarrowlength=\dimen317
\pgfarrowwidth=\dimen318
\pgfarrowlinewidth=\dimen319
)
(/usr/local/Cellar/texlive/20250308_2/share/texmf-dist/tex/generic/pgf/frontend
layer/tikz/libraries/tikzlibrarypositioning.code.tex
File: tikzlibrarypositioning.code.tex 2023-01-15 v3.1.10 (3.1.10)
)
(/usr/local/Cellar/texlive/20250308_2/share/texmf-dist/tex/generic/pgf/frontend
layer/tikz/libraries/tikzlibraryshapes.geometric.code.tex
File: tikzlibraryshapes.geometric.code.tex 2023-01-15 v3.1.10 (3.1.10)

(/usr/local/Cellar/texlive/20250308_2/share/texmf-dist/tex/generic/pgf/librarie
s/shapes/pgflibraryshapes.geometric.code.tex
File: pgflibraryshapes.geometric.code.tex 2023-01-15 v3.1.10 (3.1.10)
))
(/usr/local/Cellar/texlive/20250308_2/share/texmf-dist/tex/generic/pgf/frontend
layer/tikz/libraries/tikzlibrarycalc.code.tex
File: tikzlibrarycalc.code.tex 2023-01-15 v3.1.10 (3.1.10)
)
(/usr/local/Cellar/texlive/20250308_2/share/texmf-dist/tex/generic/pgf/frontend
layer/tikz/libraries/tikzlibraryfit.code.tex
File: tikzlibraryfit.code.tex 2023-01-15 v3.1.10 (3.1.10)
)
(/usr/local/Cellar/texlive/20250308_2/share/texmf-dist/tex/generic/pgf/frontend
layer/tikz/libraries/tikzlibrarybackgrounds.code.tex
File: tikzlibrarybackgrounds.code.tex 2023-01-15 v3.1.10 (3.1.10)
\pgf@layerbox@background=\box76
\pgf@layerboxsaved@background=\box77
)
(/usr/local/Cellar/texlive/20250308_2/share/texmf-dist/tex/latex/pgfplots/pgfpl
ots.sty
(/usr/local/Cellar/texlive/20250308_2/share/texmf-dist/tex/generic/pgfplots/pgf
plots.revision.tex)
Package: pgfplots 2021/05/15 v1.18.1 Data Visualization (1.18.1)

(/usr/local/Cellar/texlive/20250308_2/share/texmf-dist/tex/generic/pgfplots/pgf
plots.code.tex
(/usr/local/Cellar/texlive/20250308_2/share/texmf-dist/tex/generic/pgfplots/pgf
plotscore.code.tex
\t@pgfplots@toka=\toks44
\t@pgfplots@tokb=\toks45
\t@pgfplots@tokc=\toks46
\pgfplots@tmpa=\dimen320
\c@pgfplots@coordindex=\count349
\c@pgfplots@scanlineindex=\count350

(/usr/local/Cellar/texlive/20250308_2/share/texmf-dist/tex/generic/pgfplots/sys
/pgfplotssysgeneric.code.tex))
(/usr/local/Cellar/texlive/20250308_2/share/texmf-dist/tex/generic/pgfplots/lib
s/pgfplotslibrary.code.tex)
(/usr/local/Cellar/texlive/20250308_2/share/texmf-dist/tex/generic/pgfplots/old
pgfcompatib/pgfplotsoldpgfsupp_loader.code.tex
(/usr/local/Cellar/texlive/20250308_2/share/texmf-dist/tex/generic/pgf/librarie
s/pgflibraryfpu.code.tex)
Package pgfplots: loading complementary utilities for your pgf version...
\t@pgf@toka=\toks47
\t@pgf@tokb=\toks48
\t@pgf@tokc=\toks49

(/usr/local/Cellar/texlive/20250308_2/share/texmf-dist/tex/generic/pgfplots/old
pgfcompatib/pgfplotsoldpgfsupp_pgfutil-common-lists.tex))
(/usr/local/Cellar/texlive/20250308_2/share/texmf-dist/tex/generic/pgfplots/uti
l/pgfplotsutil.code.tex
(/usr/local/Cellar/texlive/20250308_2/share/texmf-dist/tex/generic/pgfplots/lis
tstructure/pgfplotsliststructure.code.tex)
(/usr/local/Cellar/texlive/20250308_2/share/texmf-dist/tex/generic/pgfplots/lis
tstructure/pgfplotsliststructureext.code.tex)
(/usr/local/Cellar/texlive/20250308_2/share/texmf-dist/tex/generic/pgfplots/lis
tstructure/pgfplotsarray.code.tex
\c@pgfplotsarray@tmp=\count351
)
(/usr/local/Cellar/texlive/20250308_2/share/texmf-dist/tex/generic/pgfplots/lis
tstructure/pgfplotsmatrix.code.tex)
(/usr/local/Cellar/texlive/20250308_2/share/texmf-dist/tex/generic/pgfplots/num
table/pgfplotstableshared.code.tex
\c@pgfplotstable@counta=\count352
\t@pgfplotstable@a=\toks50
)
(/usr/local/Cellar/texlive/20250308_2/share/texmf-dist/tex/generic/pgfplots/lis
tstructure/pgfplotsdeque.code.tex)
(/usr/local/Cellar/texlive/20250308_2/share/texmf-dist/tex/generic/pgfplots/uti
l/pgfplotsbinary.code.tex
(/usr/local/Cellar/texlive/20250308_2/share/texmf-dist/tex/generic/pgfplots/uti
l/pgfplotsbinary.data.code.tex))
(/usr/local/Cellar/texlive/20250308_2/share/texmf-dist/tex/generic/pgfplots/uti
l/pgfplotsutil.verb.code.tex)
(/usr/local/Cellar/texlive/20250308_2/share/texmf-dist/tex/generic/pgfplots/lib
s/pgflibrarypgfplots.surfshading.code.tex
\c@pgfplotslibrarysurf@no=\count353

(/usr/local/Cellar/texlive/20250308_2/share/texmf-dist/tex/generic/pgfplots/sys
/pgflibrarypgfplots.surfshading.pgfsys-pdftex.def)))
(/usr/local/Cellar/texlive/20250308_2/share/texmf-dist/tex/generic/pgfplots/uti
l/pgfplotscolormap.code.tex
(/usr/local/Cellar/texlive/20250308_2/share/texmf-dist/tex/generic/pgfplots/uti
l/pgfplotscolor.code.tex))
(/usr/local/Cellar/texlive/20250308_2/share/texmf-dist/tex/generic/pgfplots/pgf
plotsstackedplots.code.tex)
(/usr/local/Cellar/texlive/20250308_2/share/texmf-dist/tex/generic/pgfplots/pgf
plotsplothandlers.code.tex
(/usr/local/Cellar/texlive/20250308_2/share/texmf-dist/tex/generic/pgfplots/pgf
plotsmeshplothandler.code.tex
(/usr/local/Cellar/texlive/20250308_2/share/texmf-dist/tex/generic/pgfplots/pgf
plotsmeshplotimage.code.tex)))
(/usr/local/Cellar/texlive/20250308_2/share/texmf-dist/tex/generic/pgfplots/pgf
plots.scaling.code.tex)
(/usr/local/Cellar/texlive/20250308_2/share/texmf-dist/tex/generic/pgfplots/pgf
plotscoordprocessing.code.tex)
(/usr/local/Cellar/texlive/20250308_2/share/texmf-dist/tex/generic/pgfplots/pgf
plots.errorbars.code.tex)
(/usr/local/Cellar/texlive/20250308_2/share/texmf-dist/tex/generic/pgfplots/pgf
plots.markers.code.tex)
(/usr/local/Cellar/texlive/20250308_2/share/texmf-dist/tex/generic/pgfplots/pgf
plotsticks.code.tex)
(/usr/local/Cellar/texlive/20250308_2/share/texmf-dist/tex/generic/pgfplots/pgf
plots.paths.code.tex)
(/usr/local/Cellar/texlive/20250308_2/share/texmf-dist/tex/generic/pgf/frontend
layer/tikz/libraries/tikzlibrarydecorations.code.tex
(/usr/local/Cellar/texlive/20250308_2/share/texmf-dist/tex/generic/pgf/modules/
pgfmoduledecorations.code.tex
\pgfdecoratedcompleteddistance=\dimen321
\pgfdecoratedremainingdistance=\dimen322
\pgfdecoratedinputsegmentcompleteddistance=\dimen323
\pgfdecoratedinputsegmentremainingdistance=\dimen324
\pgf@decorate@distancetomove=\dimen325
\pgf@decorate@repeatstate=\count354
\pgfdecorationsegmentamplitude=\dimen326
\pgfdecorationsegmentlength=\dimen327
)
\tikz@lib@dec@box=\box78
)
(/usr/local/Cellar/texlive/20250308_2/share/texmf-dist/tex/generic/pgf/frontend
layer/tikz/libraries/tikzlibrarydecorations.pathmorphing.code.tex
(/usr/local/Cellar/texlive/20250308_2/share/texmf-dist/tex/generic/pgf/librarie
s/decorations/pgflibrarydecorations.pathmorphing.code.tex))
(/usr/local/Cellar/texlive/20250308_2/share/texmf-dist/tex/generic/pgf/frontend
layer/tikz/libraries/tikzlibrarydecorations.pathreplacing.code.tex
(/usr/local/Cellar/texlive/20250308_2/share/texmf-dist/tex/generic/pgf/librarie
s/decorations/pgflibrarydecorations.pathreplacing.code.tex))
(/usr/local/Cellar/texlive/20250308_2/share/texmf-dist/tex/generic/pgfplots/lib
s/tikzlibrarypgfplots.contourlua.code.tex)
\pgfplots@numplots=\count355
\pgfplots@xmin@reg=\dimen328
\pgfplots@xmax@reg=\dimen329
\pgfplots@ymin@reg=\dimen330
\pgfplots@ymax@reg=\dimen331
\pgfplots@zmin@reg=\dimen332
\pgfplots@zmax@reg=\dimen333
)
(/usr/local/Cellar/texlive/20250308_2/share/texmf-dist/tex/generic/pgf/frontend
layer/tikz/libraries/tikzlibraryplotmarks.code.tex
File: tikzlibraryplotmarks.code.tex 2023-01-15 v3.1.10 (3.1.10)

(/usr/local/Cellar/texlive/20250308_2/share/texmf-dist/tex/generic/pgf/librarie
s/pgflibraryplotmarks.code.tex
File: pgflibraryplotmarks.code.tex 2023-01-15 v3.1.10 (3.1.10)
)))
(/usr/local/Cellar/texlive/20250308_2/share/texmf-dist/tex/latex/algorithms/alg
orithm.sty
Package: algorithm 2009/08/24 v0.1 Document Style `algorithm' - floating enviro
nment

(/usr/local/Cellar/texlive/20250308_2/share/texmf-dist/tex/latex/float/float.st
y
Package: float 2001/11/08 v1.3d Float enhancements (AL)
\c@float@type=\count356
\float@exts=\toks51
\float@box=\box79
\@float@everytoks=\toks52
\@floatcapt=\box80
)
(/usr/local/Cellar/texlive/20250308_2/share/texmf-dist/tex/latex/base/ifthen.st
y
Package: ifthen 2024/03/16 v1.1e Standard LaTeX ifthen package (DPC)
)
\@float@every@algorithm=\toks53
\c@algorithm=\count357
)
(/usr/local/Cellar/texlive/20250308_2/share/texmf-dist/tex/latex/algorithmicx/a
lgpseudocode.sty
Package: algpseudocode 

(/usr/local/Cellar/texlive/20250308_2/share/texmf-dist/tex/latex/algorithmicx/a
lgorithmicx.sty
Package: algorithmicx 2005/04/27 v1.2 Algorithmicx

Document Style algorithmicx 1.2 - a greatly improved `algorithmic' style
\c@ALG@line=\count358
\c@ALG@rem=\count359
\c@ALG@nested=\count360
\ALG@tlm=\skip70
\ALG@thistlm=\skip71
\c@ALG@Lnr=\count361
\c@ALG@blocknr=\count362
\c@ALG@storecount=\count363
\c@ALG@tmpcounter=\count364
\ALG@tmplength=\skip72
)
Document Style - pseudocode environments for use with the `algorithmicx' style
)
LaTeX Font Info:    Trying to load font information for T1+lmr on input line 55
.
 (/usr/local/Cellar/texlive/20250308_2/share/texmf-dist/tex/latex/lm/t1lmr.fd
File: t1lmr.fd 2015/05/01 v1.6.1 Font defs for Latin Modern
)
(/usr/local/Cellar/texlive/20250308_2/share/texmf-dist/tex/latex/l3backend/l3ba
ckend-pdftex.def
File: l3backend-pdftex.def 2024-05-08 L3 backend support: PDF output (pdfTeX)
\l__color_backend_stack_int=\count365
\l__pdf_internal_box=\box81
) (./thesis.aux)
\openout1 = `thesis.aux'.

LaTeX Font Info:    Checking defaults for OML/cmm/m/it on input line 55.
LaTeX Font Info:    ... okay on input line 55.
LaTeX Font Info:    Checking defaults for OMS/cmsy/m/n on input line 55.
LaTeX Font Info:    ... okay on input line 55.
LaTeX Font Info:    Checking defaults for OT1/cmr/m/n on input line 55.
LaTeX Font Info:    ... okay on input line 55.
LaTeX Font Info:    Checking defaults for T1/cmr/m/n on input line 55.
LaTeX Font Info:    ... okay on input line 55.
LaTeX Font Info:    Checking defaults for TS1/cmr/m/n on input line 55.
LaTeX Font Info:    ... okay on input line 55.
LaTeX Font Info:    Checking defaults for OMX/cmex/m/n on input line 55.
LaTeX Font Info:    ... okay on input line 55.
LaTeX Font Info:    Checking defaults for U/cmr/m/n on input line 55.
LaTeX Font Info:    ... okay on input line 55.
LaTeX Font Info:    Checking defaults for PD1/pdf/m/n on input line 55.
LaTeX Font Info:    ... okay on input line 55.
LaTeX Font Info:    Checking defaults for PU/pdf/m/n on input line 55.
LaTeX Font Info:    ... okay on input line 55.
LaTeX Info: Redefining \microtypecontext on input line 55.
Package microtype Info: Applying patch `item' on input line 55.
Package microtype Info: Applying patch `toc' on input line 55.
Package microtype Info: Applying patch `eqnum' on input line 55.
Package microtype Info: Applying patch `footnote' on input line 55.
Package microtype Info: Applying patch `verbatim' on input line 55.
LaTeX Info: Redefining \microtypesetup on input line 55.
Package microtype Info: Generating PDF output.
Package microtype Info: Character protrusion enabled (level 2).
Package microtype Info: Using default protrusion set `alltext'.
Package microtype Info: Automatic font expansion enabled (level 2),
(microtype)             stretch: 20, shrink: 20, step: 1, non-selected.
Package microtype Info: Using default expansion set `alltext-nott'.
LaTeX Info: Redefining \showhyphens on input line 55.
Package microtype Info: No adjustment of tracking.
Package microtype Info: No adjustment of interword spacing.
Package microtype Info: No adjustment of character kerning.

(/usr/local/Cellar/texlive/20250308_2/share/texmf-dist/tex/latex/microtype/mt-c
mr.cfg
File: mt-cmr.cfg 2013/05/19 v2.2 microtype config. file: Computer Modern Roman 
(RS)
)
*geometry* driver: auto-detecting
*geometry* detected driver: pdftex
*geometry* verbose mode - [ preamble ] result:
* driver: pdftex
* paper: a4paper
* layout: <same size as paper>
* layoutoffset:(h,v)=(0.0pt,0.0pt)
* modes: twoside 
* h-part:(L,W,R)=(71.13188pt, 455.24411pt, 71.13188pt)
* v-part:(T,H,B)=(71.13188pt, 702.78308pt, 71.13188pt)
* \paperwidth=597.50787pt
* \paperheight=845.04684pt
* \textwidth=455.24411pt
* \textheight=702.78308pt
* \oddsidemargin=-1.1381pt
* \evensidemargin=-1.1381pt
* \topmargin=-38.1381pt
* \headheight=12.0pt
* \headsep=25.0pt
* \topskip=11.0pt
* \footskip=30.0pt
* \marginparwidth=103.0pt
* \marginparsep=10.0pt
* \columnsep=10.0pt
* \skip\footins=10.0pt plus 4.0pt minus 2.0pt
* \hoffset=0.0pt
* \voffset=0.0pt
* \mag=1000
* \@twocolumnfalse
* \@twosidetrue
* \@mparswitchtrue
* \@reversemarginfalse
* (1in=72.27pt=25.4mm, 1cm=28.453pt)


(/usr/local/Cellar/texlive/20250308_2/share/texmf-dist/tex/context/base/mkii/su
pp-pdf.mkii
[Loading MPS to PDF converter (version 2006.09.02).]
\scratchcounter=\count366
\scratchdimen=\dimen334
\scratchbox=\box82
\nofMPsegments=\count367
\nofMParguments=\count368
\everyMPshowfont=\toks54
\MPscratchCnt=\count369
\MPscratchDim=\dimen335
\MPnumerator=\count370
\makeMPintoPDFobject=\count371
\everyMPtoPDFconversion=\toks55
)
(/usr/local/Cellar/texlive/20250308_2/share/texmf-dist/tex/latex/epstopdf-pkg/e
pstopdf-base.sty
Package: epstopdf-base 2020-01-24 v2.11 Base part for package epstopdf
Package epstopdf-base Info: Redefining graphics rule for `.eps' on input line 4
85.

(/usr/local/Cellar/texlive/20250308_2/share/texmf-dist/tex/latex/latexconfig/ep
stopdf-sys.cfg
File: epstopdf-sys.cfg 2010/07/13 v1.3 Configuration of (r)epstopdf for TeX Liv
e
))
Package caption Info: Begin \AtBeginDocument code.
Package caption Info: float package is loaded.
Package caption Info: hyperref package is loaded.
Package caption Info: listings package is loaded.
Package caption Info: End \AtBeginDocument code.
\c@lstlisting=\count372


! Package cleveref Error: cleveref must be loaded after hyperref!.

See the cleveref package documentation for explanation.
Type  H <return>  for immediate help.
 ...                                              
                                                  
l.55 \begin{document}
                     
Package load order is wrong: load cleveref *after* hyperref.

Package hyperref Info: Link coloring ON on input line 55.
\@outlinefile=\write4
\openout4 = `thesis.out'.

Package pgfplots notification 'compat/show suggested version=true': document ha
s been generated with the most recent feature set (\pgfplotsset{compat=1.18}).

LaTeX Font Info:    Trying to load font information for OT1+lmr on input line 5
8.
(/usr/local/Cellar/texlive/20250308_2/share/texmf-dist/tex/latex/lm/ot1lmr.fd
File: ot1lmr.fd 2015/05/01 v1.6.1 Font defs for Latin Modern
)
LaTeX Font Info:    Trying to load font information for OML+lmm on input line 5
8.

(/usr/local/Cellar/texlive/20250308_2/share/texmf-dist/tex/latex/lm/omllmm.fd
File: omllmm.fd 2015/05/01 v1.6.1 Font defs for Latin Modern
)
LaTeX Font Info:    Trying to load font information for OMS+lmsy on input line 
58.

(/usr/local/Cellar/texlive/20250308_2/share/texmf-dist/tex/latex/lm/omslmsy.fd
File: omslmsy.fd 2015/05/01 v1.6.1 Font defs for Latin Modern
)
LaTeX Font Info:    Trying to load font information for OMX+lmex on input line 
58.
(/usr/local/Cellar/texlive/20250308_2/share/texmf-dist/tex/latex/lm/omxlmex.fd
File: omxlmex.fd 2015/05/01 v1.6.1 Font defs for Latin Modern
)
LaTeX Font Info:    External font `lmex10' loaded for size
(Font)              <12> on input line 58.
LaTeX Font Info:    External font `lmex10' loaded for size
(Font)              <8> on input line 58.
LaTeX Font Info:    External font `lmex10' loaded for size
(Font)              <6> on input line 58.
LaTeX Font Info:    Trying to load font information for U+msa on input line 58.


(/usr/local/Cellar/texlive/20250308_2/share/texmf-dist/tex/latex/amsfonts/umsa.
fd
File: umsa.fd 2013/01/14 v3.01 AMS symbols A
)
(/usr/local/Cellar/texlive/20250308_2/share/texmf-dist/tex/latex/microtype/mt-m
sa.cfg
File: mt-msa.cfg 2006/02/04 v1.1 microtype config. file: AMS symbols (a) (RS)
)
LaTeX Font Info:    Trying to load font information for U+msb on input line 58.


(/usr/local/Cellar/texlive/20250308_2/share/texmf-dist/tex/latex/amsfonts/umsb.
fd
File: umsb.fd 2013/01/14 v3.01 AMS symbols B
)
(/usr/local/Cellar/texlive/20250308_2/share/texmf-dist/tex/latex/microtype/mt-m
sb.cfg
File: mt-msb.cfg 2005/06/01 v1.0 microtype config. file: AMS symbols (b) (RS)
)

[1

{/usr/local/Cellar/texlive/20250308_2/share/texmf-dist/fonts/map/pdftex/updmap/
pdftex.map}{/usr/local/Cellar/texlive/20250308_2/share/texmf-dist/fonts/enc/dvi
ps/lm/lm-ec.enc}]
LaTeX Font Info:    External font `lmex10' loaded for size
(Font)              <10.95> on input line 60.



pdfTeX warning (ext4): destination with the same identifier (name{page.1}) has 
been already used, duplicate ignored
<to be read again> 
                   \relax 
l.61 \end{abstract}
                    [1{/usr/local/Cellar/texlive/20250308_2/share/texmf-dist/fo
nts/enc/dvips/lm/lm-mathit.enc}]

[2

]
No file thesis.toc.
\tf@toc=\write5
\openout5 = `thesis.toc'.



[3]

[4


]
Chapter 1.

Package natbib Warning: Citation `adomavicius2005toward' on page 5 undefined on
 input line 70.


Package natbib Warning: Citation `ricci2015recommender' on page 5 undefined on 
input line 70.


Package natbib Warning: Citation `anderson2004long' on page 5 undefined on inpu
t line 70.


Package natbib Warning: Citation `cremonesi2010accuracy' on page 5 undefined on
 input line 70.


Package natbib Warning: Citation `chaney2018algorithmic' on page 5 undefined on
 input line 70.


Package natbib Warning: Citation `mansoury2020feedback' on page 5 undefined on 
input line 70.


Package natbib Warning: Citation `abdollahpouri2019managing' on page 5 undefine
d on input line 70.


Package natbib Warning: Citation `abdollahpouri2020multistakeholder' on page 5 
undefined on input line 72.


Package natbib Warning: Citation `ekstrand2018fairness' on page 5 undefined on 
input line 72.

LaTeX Font Info:    Trying to load font information for T1+lmtt on input line 7
2.
(/usr/local/Cellar/texlive/20250308_2/share/texmf-dist/tex/latex/lm/t1lmtt.fd
File: t1lmtt.fd 2015/05/01 v1.6.1 Font defs for Latin Modern
)
Package microtype Info: Loading generic protrusion settings for font family
(microtype)             `lmtt' (encoding: T1).
(microtype)             For optimal results, create family-specific settings.
(microtype)             See the microtype manual for details.


[5]

[6

]
Chapter 2.

Package natbib Warning: Citation `sarwar2001item' on page 7 undefined on input 
line 87.


Package natbib Warning: Citation `koren2009matrix' on page 7 undefined on input
 line 87.


Package natbib Warning: Citation `hu2008collaborative' on page 7 undefined on i
nput line 87.


Package natbib Warning: Citation `hu2008collaborative' on page 7 undefined on i
nput line 87.


Package natbib Warning: Citation `benfred2018implicit' on page 7 undefined on i
nput line 87.


Package natbib Warning: Citation `manning2008introduction' on page 7 undefined 
on input line 90.


Package natbib Warning: Citation `hastie2009elements' on page 7 undefined on in
put line 90.


Package natbib Warning: Citation `cowell2011measuring' on page 7 undefined on i
nput line 93.


Package natbib Warning: Citation `abdollahpouri2019managing' on page 7 undefine
d on input line 93.


Package natbib Warning: Citation `ekstrand2018fairness' on page 7 undefined on 
input line 93.


Package natbib Warning: Citation `jarvelin2002cumulated' on page 7 undefined on
 input line 96.



[7]

[8

]
Chapter 3.

Package natbib Warning: Citation `harper2015movielens' on page 9 undefined on i
nput line 103.


Package natbib Warning: Citation `ziegler2005improving' on page 9 undefined on 
input line 103.


Package natbib Warning: Citation `cantador2011second' on page 9 undefined on in
put line 103.

LaTeX Font Info:    External font `lmex10' loaded for size
(Font)              <14.4> on input line 111.
LaTeX Font Info:    External font `lmex10' loaded for size
(Font)              <10> on input line 111.
LaTeX Font Info:    External font `lmex10' loaded for size
(Font)              <7> on input line 111.

Package hyperref Warning: Token not allowed in a PDF string (Unicode):
(hyperref)                removing `math shift' on input line 111.


Package hyperref Warning: Token not allowed in a PDF string (Unicode):
(hyperref)                removing `math shift' on input line 111.



[9{/usr/local/Cellar/texlive/20250308_2/share/texmf-dist/fonts/enc/dvips/lm/lm-
mathsy.enc}{/usr/local/Cellar/texlive/20250308_2/share/texmf-dist/fonts/enc/dvi
ps/lm/lm-rm.enc}{/usr/local/Cellar/texlive/20250308_2/share/texmf-dist/fonts/en
c/dvips/lm/lm-mathex.enc}]

[10]
Chapter 4.

Package hyperref Warning: Token not allowed in a PDF string (Unicode):
(hyperref)                removing `math shift' on input line 145.


Package hyperref Warning: Token not allowed in a PDF string (Unicode):
(hyperref)                removing `math shift' on input line 145.


Package natbib Warning: Citation `hug2020surprise' on page 11 undefined on inpu
t line 146.


Package natbib Warning: Citation `hug2020surprise' on page 11 undefined on inpu
t line 149.


Package natbib Warning: Citation `koren2009matrix' on page 11 undefined on inpu
t line 149.


Package natbib Warning: Citation `benfred2018implicit' on page 11 undefined on 
input line 152.


Package natbib Warning: Citation `manning2008introduction' on page 11 undefined
 on input line 159.


Package natbib Warning: Citation `pedregosa2011scikit' on page 11 undefined on 
input line 162.


Package natbib Warning: Citation `hastie2009elements' on page 11 undefined on i
nput line 162.


Package natbib Warning: Citation `breiman2001random' on page 11 undefined on in
put line 165.


Package natbib Warning: Citation `pedregosa2011scikit' on page 11 undefined on 
input line 165.



[11

]

[12]
Chapter 5.
LaTeX Font Info:    External font `lmex10' loaded for size
(Font)              <5> on input line 181.

Package natbib Warning: Citation `cowell2011measuring' on page 13 undefined on 
input line 202.


Package natbib Warning: Citation `abdollahpouri2019managing' on page 13 undefin
ed on input line 216.


Overfull \hbox (0.85535pt too wide) in paragraph at lines 216--217
 []\T1/lmr/bx/n/10.95 (-20) Spearman cor-re-la-tion.[] \T1/lmr/m/n/10.95 (-20) 
Let $\OML/lmm/m/it/10.95 ^^Z$ \T1/lmr/m/n/10.95 (-20) be Spear-man's rank cor-r
e-la-tion be-tween $\OT1/lmr/m/n/10.95 (-20) (\OML/lmm/m/it/10.95 p[]\OT1/lmr/m
/n/10.95 (-20) )[]$ \T1/lmr/m/n/10.95 (-20) and $\OT1/lmr/m/n/10.95 (-20) (\OML
/lmm/m/it/10.95 f[]\OT1/lmr/m/n/10.95 (-20) )[]$
 []



[13

]

[14]

Package natbib Warning: Citation `chaney2018algorithmic' on page 15 undefined o
n input line 271.


Package natbib Warning: Citation `mansoury2020feedback' on page 15 undefined on
 input line 271.



[15]

[16

]
Chapter 6.

Package natbib Warning: Citation `pedregosa2011scikit' on page 17 undefined on 
input line 295.


Package natbib Warning: Citation `hug2020surprise' on page 17 undefined on inpu
t line 295.


Package natbib Warning: Citation `benfred2018implicit' on page 17 undefined on 
input line 295.


(/usr/local/Cellar/texlive/20250308_2/share/texmf-dist/tex/latex/listings/lstla
ng1.sty
File: lstlang1.sty 2024/09/23 1.10c listings language file
)
(/usr/local/Cellar/texlive/20250308_2/share/texmf-dist/tex/latex/listings/lstla
ng1.sty
File: lstlang1.sty 2024/09/23 1.10c listings language file
)
LaTeX Font Info:    Font shape `T1/lmtt/bx/n' in size <10> not available
(Font)              Font shape `T1/lmtt/b/n' tried instead on input line 300.
LaTeX Font Info:    Trying to load font information for TS1+lmr on input line 3
11.

(/usr/local/Cellar/texlive/20250308_2/share/texmf-dist/tex/latex/lm/ts1lmr.fd
File: ts1lmr.fd 2015/05/01 v1.6.1 Font defs for Latin Modern
)

[17{/usr/local/Cellar/texlive/20250308_2/share/texmf-dist/fonts/enc/dvips/lm/lm
-ts1.enc}]

[18

]
Chapter 7.

LaTeX Warning: Reference `tab:macrobx' on page 1 undefined on input line 321.


LaTeX Warning: Reference `tab:macrolf' on page 1 undefined on input line 321.


LaTeX Warning: Reference `tab:macro1m' on page 1 undefined on input line 321.


LaTeX Warning: Reference `tab:macro100k' on page 1 undefined on input line 321.



Overfull \hbox (133.00961pt too wide) in paragraph at lines 321--322
[][][][] \T1/lmr/m/n/10.95 (-20) sum-ma-rize met-rics from the com-bined run re
corded in \T1/lmtt/m/n/10.95 outputs/results/combined\_macro\_bias\_metrics.csv
\T1/lmr/m/n/10.95 (-20) .
 []


LaTeX Warning: Reference `tab:macrobx' on page 1 undefined on input line 396.


LaTeX Warning: Reference `tab:macrolf' on page 1 undefined on input line 396.


LaTeX Warning: Reference `tab:macro1m' on page 1 undefined on input line 396.


LaTeX Warning: Reference `tab:macro100k' on page 1 undefined on input line 396.




[19]

Package natbib Warning: Citation `abdollahpouri2020multistakeholder' on page 20
 undefined on input line 416.


LaTeX Warning: Reference `tab:fairtake' on page 1 undefined on input line 419.


LaTeX Warning: Reference `tab:fairbx' on page 1 undefined on input line 419.


LaTeX Warning: Reference `tab:fairlastfm' on page 1 undefined on input line 419
.


LaTeX Warning: Reference `tab:fairml1m' on page 1 undefined on input line 419.


LaTeX Warning: Reference `tab:fairml100k' on page 1 undefined on input line 419
.


Overfull \hbox (11.975pt too wide) in paragraph at lines 419--420
[][][][][] \T1/lmr/m/n/10.95 (-20) re-port $\OT1/lmr/m/n/10.95 (-20) ^^A[] = []
[] \OMS/lmsy/m/n/10.95 ^^@ [][]$\T1/lmr/m/n/10.95 (-20) . Iden-ti-cal rows acro
ss ALS/LogReg/TF--
 []



[20]

[21]

Package natbib Warning: Citation `chaney2018algorithmic' on page 22 undefined o
n input line 522.


Package natbib Warning: Citation `abdollahpouri2020multistakeholder' on page 22
 undefined on input line 539.


LaTeX Warning: Reference `fig:placeholder' on page 1 undefined on input line 54
9.


Overfull \hbox (6.79999pt too wide) in paragraph at lines 557--558
 [][] 
 []



[22]

[23]

[24

]
Chapter 8.

Package natbib Warning: Citation `abdollahpouri2019managing' on page 25 undefin
ed on input line 590.


Package natbib Warning: Citation `cremonesi2010accuracy' on page 25 undefined o
n input line 590.


Package natbib Warning: Citation `ekstrand2018fairness' on page 25 undefined on
 input line 593.


Package natbib Warning: Citation `chaney2018algorithmic' on page 25 undefined o
n input line 596.


Package natbib Warning: Citation `mansoury2020feedback' on page 25 undefined on
 input line 596.



[25]

[26

]
Chapter 9.

Package natbib Warning: Citation `abdollahpouri2019managing' on page 27 undefin
ed on input line 605.



[27]

[28

]
Appendix A.
LaTeX Font Info:    External font `lmex10' loaded for size
(Font)              <9> on input line 617.

Package longtable Warning: Column widths have changed
(longtable)                in table A.1 on input line 657.


Overfull \hbox (71.98631pt too wide) in paragraph at lines 659--660
\T1/lmr/m/it/10.95 (-20) Notes: \T1/lmr/m/n/10.95 (-20) Avg. $\OML/lmm/m/it/10.
95 ^^Y$ \T1/lmr/m/n/10.95 (-20) de-notes av-er-age pop-u-lar-ity per-centile of
 rec-om-mended items; Tail$[]$ is \T1/lmtt/m/n/10.95 long\_tail\_share\_20pct\T
1/lmr/m/n/10.95 (-20) ;
 []



[29]

[30

]
Appendix B.
Package hyperref Info: bookmark level for unknown algorithm defaults to 0 on in
put line 665.
(./thesis.bbl)

Package natbib Warning: There were undefined citations.



[31]

Package longtable Warning: Table widths have changed. Rerun LaTeX.

(./thesis.aux)
 ***********
LaTeX2e <2024-11-01> patch level 2
L3 programming layer <2025-01-18>
 ***********


LaTeX Warning: There were undefined references.


LaTeX Warning: Label(s) may have changed. Rerun to get cross-references right.


Package rerunfilecheck Warning: File `thesis.out' has changed.
(rerunfilecheck)                Rerun to get outlines right
(rerunfilecheck)                or use package `bookmark'.

Package rerunfilecheck Info: Checksums for `thesis.out':
(rerunfilecheck)             Before: <no file>
(rerunfilecheck)             After:  FD07C95FBD712BC242720302C47A80C7;6074.
 ) 
Here is how much of TeX's memory you used:
 42016 strings out of 473190
 942387 string characters out of 5705898
 1634660 words of memory out of 5000000
 64239 multiletter control sequences out of 15000+600000
 691634 words of font info for 253 fonts, out of 8000000 for 9000
 1141 hyphenation exceptions out of 8191
 84i,19n,87p,1738b,2293s stack positions out of 10000i,1000n,20000p,200000b,200000s
</usr/local/Cellar/texlive/20250308_2/share/texmf-dist/fonts/type1/public/lm/
lmbx10.pfb></usr/local/Cellar/texlive/20250308_2/share/texmf-dist/fonts/type1/p
ublic/lm/lmbx12.pfb></usr/local/Cellar/texlive/20250308_2/share/texmf-dist/font
s/type1/public/lm/lmex10.pfb></usr/local/Cellar/texlive/20250308_2/share/texmf-
dist/fonts/type1/public/lm/lmmi10.pfb></usr/local/Cellar/texlive/20250308_2/sha
re/texmf-dist/fonts/type1/public/lm/lmmi12.pfb></usr/local/Cellar/texlive/20250
308_2/share/texmf-dist/fonts/type1/public/lm/lmmi5.pfb></usr/local/Cellar/texli
ve/20250308_2/share/texmf-dist/fonts/type1/public/lm/lmmi6.pfb></usr/local/Cell
ar/texlive/20250308_2/share/texmf-dist/fonts/type1/public/lm/lmmi7.pfb></usr/lo
cal/Cellar/texlive/20250308_2/share/texmf-dist/fonts/type1/public/lm/lmmi8.pfb>
</usr/local/Cellar/texlive/20250308_2/share/texmf-dist/fonts/type1/public/lm/lm
mi9.pfb></usr/local/Cellar/texlive/20250308_2/share/texmf-dist/fonts/type1/publ
ic/lm/lmmib10.pfb></usr/local/Cellar/texlive/20250308_2/share/texmf-dist/fonts/
type1/public/lm/lmr10.pfb></usr/local/Cellar/texlive/20250308_2/share/texmf-dis
t/fonts/type1/public/lm/lmr12.pfb></usr/local/Cellar/texlive/20250308_2/share/t
exmf-dist/fonts/type1/public/lm/lmr17.pfb></usr/local/Cellar/texlive/20250308_2
/share/texmf-dist/fonts/type1/public/lm/lmr6.pfb></usr/local/Cellar/texlive/202
50308_2/share/texmf-dist/fonts/type1/public/lm/lmr7.pfb></usr/local/Cellar/texl
ive/20250308_2/share/texmf-dist/fonts/type1/public/lm/lmr8.pfb></usr/local/Cell
ar/texlive/20250308_2/share/texmf-dist/fonts/type1/public/lm/lmr9.pfb></usr/loc
al/Cellar/texlive/20250308_2/share/texmf-dist/fonts/type1/public/lm/lmri10.pfb>
</usr/local/Cellar/texlive/20250308_2/share/texmf-dist/fonts/type1/public/lm/lm
sy10.pfb></usr/local/Cellar/texlive/20250308_2/share/texmf-dist/fonts/type1/pub
lic/lm/lmsy7.pfb></usr/local/Cellar/texlive/20250308_2/share/texmf-dist/fonts/t
ype1/public/lm/lmsy8.pfb></usr/local/Cellar/texlive/20250308_2/share/texmf-dist
/fonts/type1/public/lm/lmsy9.pfb></usr/local/Cellar/texlive/20250308_2/share/te
xmf-dist/fonts/type1/public/lm/lmtk10.pfb></usr/local/Cellar/texlive/20250308_2
/share/texmf-dist/fonts/type1/public/lm/lmtt10.pfb></usr/local/Cellar/texlive/2
0250308_2/share/texmf-dist/fonts/type1/public/lm/lmtti10.pfb></usr/local/Cellar
/texlive/20250308_2/share/texmf-dist/fonts/type1/public/amsfonts/symbols/msbm10
.pfb>
Output written on thesis.pdf (32 pages, 462469 bytes).
PDF statistics:
 435 PDF objects out of 1000 (max. 8388607)
 337 compressed objects within 4 object streams
 133 named destinations out of 1000 (max. 500000)
 73741 words of extra memory for PDF output out of 74296 (max. 10000000)

